{"timestamp": "2025-04-24T20:30:13.087092", "action": "buy", "token_address": "DWMUmRQUZPCBA1gwdDxTJuz6JHnQkREiWMyQpsKWGp9v", "symbol": "U8", "price": 5e-06, "amount": 20, "tx_hash": "3JvdfCep45PUB6rCcH4dB2NuwvFP8n67SCUxqJMt4MuN5ekHYc6J27aCUfwNUK3hh5rSyKNYAWXya5vQAT2qQivB"}
{"timestamp": "2025-04-24T20:30:32.759177", "action": "sell", "token_address": "DWMUmRQUZPCBA1gwdDxTJuz6JHnQkREiWMyQpsKWGp9v", "symbol": "U8", "price": 3.805530050663904e-08, "amount": 20.0, "tx_hash": "5cveLfU7XhPNCPMCZfTXyugJpmAQNmi7zr81PSqs8DsP1T2swYFjJwaB5hNSf3kFPfRzgzd7QZBVaZLd5MqsJevB"}
{"timestamp": "2025-08-02T15:37:04.403139", "action": "buy", "platform": "lets_bonk", "token_address": "7o5FtYXxpX6sqtcJJ3ES4DiWt4C9HnHzKuHrZPpjbonk", "symbol": "pants", "price": 5e-06, "amount": 20, "tx_hash": "26Uu4rZ1PcnzioHwWAh3Reca4MMNZjgiQbmihjisiurpv4xcHFtvSptZoV3zUkS5bdqZ4zpLeGb46J4bWyczu6FY"}
{"timestamp": "2025-08-02T15:37:21.984944", "action": "sell", "platform": "lets_bonk", "token_address": "7o5FtYXxpX6sqtcJJ3ES4DiWt4C9HnHzKuHrZPpjbonk", "symbol": "pants", "price": 2.7959121193874663e-08, "amount": 3712.914779, "tx_hash": "5zXxjxHZuWXxGih1Aca6HoFkybiyHT4jPghhXCg3NbkyD3nuzzaJtmjg4mnoEQDeTn64b1cUZMawhmYbeq3cwjfj"}
{"timestamp": "2025-08-20T21:49:32.963533", "action": "buy", "platform": "pump_fun", "token_address": "HNJ4Ad2BaVVhq4xBxkSCXYyGtdfcD9QUqbk9ybzDpump", "symbol": "JGBT", "price": 1.0000000000000001e-07, "amount": 1000.0, "tx_hash": "DRY_RUN_BUY_HNJ4Ad2BaVVhq4xB"}
{"timestamp": "2025-08-20T22:27:00.254580", "action": "buy", "platform": "pump_fun", "token_address": "87H8vRfao9o8YuYts91sgWgz27eNX3cadPWp8oKSB7b9", "symbol": "DHSWOJAK", "price": 1.0000000000000001e-07, "amount": 1000.0, "tx_hash": "DRY_RUN_BUY_87H8vRfao9o8YuYt"}
{"timestamp": "2025-08-20T22:27:15.321100", "action": "sell", "platform": "pump_fun", "token_address": "87H8vRfao9o8YuYts91sgWgz27eNX3cadPWp8oKSB7b9", "symbol": "DHSWOJAK", "price": 1.0000000000000001e-07, "amount": 1000.0, "tx_hash": "DRY_RUN_SELL_87H8vRfao9o8YuYt"}
{"timestamp": "2025-08-20T22:38:18.116016", "action": "buy", "platform": "pump_fun", "token_address": "47Gufdpa8QAo2T9ZrhxWtQi9yW48T1YJNU9d994gpump", "symbol": "GF", "price": 1.0000000000000001e-07, "amount": 1000.0, "tx_hash": "DRY_RUN_BUY_47Gufdpa8QAo2T9Z"}
{"timestamp": "2025-08-20T22:38:33.179919", "action": "sell", "platform": "pump_fun", "token_address": "47Gufdpa8QAo2T9ZrhxWtQi9yW48T1YJNU9d994gpump", "symbol": "GF", "price": 1.0000000000000001e-07, "amount": 1000.0, "tx_hash": "DRY_RUN_SELL_47Gufdpa8QAo2T9Z"}
{"timestamp": "2025-08-20T22:55:02.898210", "action": "buy", "platform": "pump_fun", "token_address": "2PX7BtukJn1MhB1f2yXf2ERfFofU1h349XdW4ZBnpump", "symbol": "MUSK-RAT", "price": 1.0000000000000001e-07, "amount": 1000.0, "tx_hash": "DRY_RUN_BUY_2PX7BtukJn1MhB1f"}
{"timestamp": "2025-08-20T22:55:17.908046", "action": "sell", "platform": "pump_fun", "token_address": "2PX7BtukJn1MhB1f2yXf2ERfFofU1h349XdW4ZBnpump", "symbol": "MUSK-RAT", "price": 1.0000000000000001e-07, "amount": 1000.0, "tx_hash": "DRY_RUN_SELL_2PX7BtukJn1MhB1f"}
{"timestamp": "2025-08-20T22:55:57.278926", "action": "buy", "platform": "pump_fun", "token_address": "NVou2YcZvgaNw6BcrQYQiPLYoLQSdewJ45P9GZ3pump", "symbol": "TITSHOT", "price": 1.0000000000000001e-07, "amount": 1000.0, "tx_hash": "DRY_RUN_BUY_NVou2YcZvgaNw6Bc"}
{"timestamp": "2025-08-20T22:56:12.287787", "action": "sell", "platform": "pump_fun", "token_address": "NVou2YcZvgaNw6BcrQYQiPLYoLQSdewJ45P9GZ3pump", "symbol": "TITSHOT", "price": 1.0000000000000001e-07, "amount": 1000.0, "tx_hash": "DRY_RUN_SELL_NVou2YcZvgaNw6Bc"}
{"timestamp": "2025-08-20T23:05:27.470089", "action": "buy", "platform": "pump_fun", "token_address": "8TD3FnUB2uWF8dt9eEb8VpqjBjdtaStMZNhASkSKpump", "symbol": "TOMMY", "price": 1.0000000000000001e-07, "amount": 1000.0, "tx_hash": "DRY_RUN_BUY_8TD3FnUB2uWF8dt9"}
{"timestamp": "2025-08-20T23:05:42.481309", "action": "sell", "platform": "pump_fun", "token_address": "8TD3FnUB2uWF8dt9eEb8VpqjBjdtaStMZNhASkSKpump", "symbol": "TOMMY", "price": 1.0000000000000001e-07, "amount": 1000.0, "tx_hash": "DRY_RUN_SELL_8TD3FnUB2uWF8dt9"}
{"timestamp": "2025-08-20T23:10:47.153725", "action": "buy", "platform": "pump_fun", "token_address": "Gbihq4rFBwm6Uj3LBCodjrv1kRuaeNktfMFREeKwpump", "symbol": "hurr durr", "price": 1.0000000000000001e-07, "amount": 1000.0, "tx_hash": "DRY_RUN_BUY_Gbihq4rFBwm6Uj3L"}
{"timestamp": "2025-08-20T23:11:02.162730", "action": "sell", "platform": "pump_fun", "token_address": "Gbihq4rFBwm6Uj3LBCodjrv1kRuaeNktfMFREeKwpump", "symbol": "hurr durr", "price": 1.0000000000000001e-07, "amount": 1000.0, "tx_hash": "DRY_RUN_SELL_Gbihq4rFBwm6Uj3L"}
{"timestamp": "2025-08-20T23:12:20.892206", "action": "buy", "platform": "pump_fun", "token_address": "xc5jsMeTbf2atV9JbjrUnfincNA1Ui3pW4z4Qgvpump", "symbol": "NSTR", "price": 1.0000000000000001e-07, "amount": 1000.0, "tx_hash": "DRY_RUN_BUY_xc5jsMeTbf2atV9J"}
{"timestamp": "2025-08-20T23:12:35.911283", "action": "sell", "platform": "pump_fun", "token_address": "xc5jsMeTbf2atV9JbjrUnfincNA1Ui3pW4z4Qgvpump", "symbol": "NSTR", "price": 1.0000000000000001e-07, "amount": 1000.0, "tx_hash": "DRY_RUN_SELL_xc5jsMeTbf2atV9J"}
{"timestamp": "2025-08-20T23:13:21.776115", "action": "buy", "platform": "pump_fun", "token_address": "4QLkZvfWvmiFH3n34wJ698MsE2z3a6RbyUf7uiy2pump", "symbol": "BERRY", "price": 1.0000000000000001e-07, "amount": 1000.0, "tx_hash": "DRY_RUN_BUY_4QLkZvfWvmiFH3n3"}
{"timestamp": "2025-08-20T23:13:36.794232", "action": "sell", "platform": "pump_fun", "token_address": "4QLkZvfWvmiFH3n34wJ698MsE2z3a6RbyUf7uiy2pump", "symbol": "BERRY", "price": 1.0000000000000001e-07, "amount": 1000.0, "tx_hash": "DRY_RUN_SELL_4QLkZvfWvmiFH3n3"}
{"timestamp": "2025-08-20T23:24:06.802854", "action": "buy", "platform": "pump_fun", "token_address": "7X8yrtc2X5VFr2jXBAvWRbgRjz68613eweNpsd4Apump", "symbol": "black", "price": 1.0000000000000001e-07, "amount": 1000.0, "tx_hash": "DRY_RUN_BUY_7X8yrtc2X5VFr2jX"}
{"timestamp": "2025-08-20T23:24:21.811803", "action": "sell", "platform": "pump_fun", "token_address": "7X8yrtc2X5VFr2jXBAvWRbgRjz68613eweNpsd4Apump", "symbol": "black", "price": 1.0000000000000001e-07, "amount": 1000.0, "tx_hash": "DRY_RUN_SELL_7X8yrtc2X5VFr2jX"}
{"timestamp": "2025-08-20T23:26:14.403311", "action": "buy", "platform": "pump_fun", "token_address": "7qCcVjbrCQ3VVfcdwSsGxeMqm61auqyscmsv4rPXpump", "symbol": "LIBRE", "price": 1.0000000000000001e-07, "amount": 1000.0, "tx_hash": "DRY_RUN_BUY_7qCcVjbrCQ3VVfcd"}
{"timestamp": "2025-08-20T23:26:29.417501", "action": "sell", "platform": "pump_fun", "token_address": "7qCcVjbrCQ3VVfcdwSsGxeMqm61auqyscmsv4rPXpump", "symbol": "LIBRE", "price": 1.0000000000000001e-07, "amount": 1000.0, "tx_hash": "DRY_RUN_SELL_7qCcVjbrCQ3VVfcd"}
{"timestamp": "2025-08-20T23:41:54.772304", "action": "buy", "platform": "pump_fun", "token_address": "EnsW96x7EWeSCU9zPCXv2EotogLNyT6QRN9zyEgLpump", "symbol": "cnfrt ", "price": 1.0000000000000001e-07, "amount": 1000.0, "tx_hash": "DRY_RUN_BUY_EnsW96x7EWeSCU9z"}
{"timestamp": "2025-08-20T23:42:09.783853", "action": "sell", "platform": "pump_fun", "token_address": "EnsW96x7EWeSCU9zPCXv2EotogLNyT6QRN9zyEgLpump", "symbol": "cnfrt ", "price": 1.0000000000000001e-07, "amount": 1000.0, "tx_hash": "DRY_RUN_SELL_EnsW96x7EWeSCU9z"}
{"timestamp": "2025-08-20T23:46:44.740801", "action": "buy", "platform": "pump_fun", "token_address": "D7oZHrqWo9v3uqVKEhbq8sMaUacZyBRfYWZsp5m9pump", "symbol": "Trench", "price": 1.0000000000000001e-07, "amount": 1000.0, "tx_hash": "DRY_RUN_BUY_D7oZHrqWo9v3uqVK"}
{"timestamp": "2025-08-20T23:46:59.753334", "action": "sell", "platform": "pump_fun", "token_address": "D7oZHrqWo9v3uqVKEhbq8sMaUacZyBRfYWZsp5m9pump", "symbol": "Trench", "price": 1.0000000000000001e-07, "amount": 1000.0, "tx_hash": "DRY_RUN_SELL_D7oZHrqWo9v3uqVK"}
{"timestamp": "2025-08-20T23:47:00.352269", "action": "buy", "platform": "pump_fun", "token_address": "38kNu6AY8Mez7TUb2RtEpANSR1ug8rcpPKmAAKtSpump", "symbol": "holddabag", "price": 1.0000000000000001e-07, "amount": 1000.0, "tx_hash": "DRY_RUN_BUY_38kNu6AY8Mez7TUb"}
{"timestamp": "2025-08-20T23:47:15.371195", "action": "sell", "platform": "pump_fun", "token_address": "38kNu6AY8Mez7TUb2RtEpANSR1ug8rcpPKmAAKtSpump", "symbol": "holddabag", "price": 1.0000000000000001e-07, "amount": 1000.0, "tx_hash": "DRY_RUN_SELL_38kNu6AY8Mez7TUb"}
{"timestamp": "2025-08-20T23:47:24.888560", "action": "buy", "platform": "pump_fun", "token_address": "4JwjHhFmdLysSydpCrLLN5X4qSPjfxsnjjtVrJRdpump", "symbol": "ben", "price": 1.0000000000000001e-07, "amount": 1000.0, "tx_hash": "DRY_RUN_BUY_4JwjHhFmdLysSydp"}
{"timestamp": "2025-08-20T23:47:39.905472", "action": "sell", "platform": "pump_fun", "token_address": "4JwjHhFmdLysSydpCrLLN5X4qSPjfxsnjjtVrJRdpump", "symbol": "ben", "price": 1.0000000000000001e-07, "amount": 1000.0, "tx_hash": "DRY_RUN_SELL_4JwjHhFmdLysSydp"}
{"timestamp": "2025-08-20T23:47:58.236356", "action": "buy", "platform": "pump_fun", "token_address": "9MEoZUjaTyj9r9p1r95Ddrhy4zUeVE6TKXPHVec6pump", "symbol": "67", "price": 1.0000000000000001e-07, "amount": 1000.0, "tx_hash": "DRY_RUN_BUY_9MEoZUjaTyj9r9p1"}
{"timestamp": "2025-08-20T23:48:13.243136", "action": "sell", "platform": "pump_fun", "token_address": "9MEoZUjaTyj9r9p1r95Ddrhy4zUeVE6TKXPHVec6pump", "symbol": "67", "price": 1.0000000000000001e-07, "amount": 1000.0, "tx_hash": "DRY_RUN_SELL_9MEoZUjaTyj9r9p1"}
{"timestamp": "2025-08-20T23:48:16.001018", "action": "buy", "platform": "pump_fun", "token_address": "AmEhdNGdcBPRn3jcyWE9u4FX8g7DNeR6zXqQk5S7pump", "symbol": "Silence", "price": 1.0000000000000001e-07, "amount": 1000.0, "tx_hash": "DRY_RUN_BUY_AmEhdNGdcBPRn3jc"}
{"timestamp": "2025-08-20T23:48:31.017089", "action": "sell", "platform": "pump_fun", "token_address": "AmEhdNGdcBPRn3jcyWE9u4FX8g7DNeR6zXqQk5S7pump", "symbol": "Silence", "price": 1.0000000000000001e-07, "amount": 1000.0, "tx_hash": "DRY_RUN_SELL_AmEhdNGdcBPRn3jc"}
{"timestamp": "2025-08-20T23:48:31.989135", "action": "buy", "platform": "pump_fun", "token_address": "Cn2STMyDD819uY1DzQuEwChXCiNxXWQkTgH2BfmXpump", "symbol": " ALoop", "price": 1.0000000000000001e-07, "amount": 1000.0, "tx_hash": "DRY_RUN_BUY_Cn2STMyDD819uY1D"}
{"timestamp": "2025-08-20T23:48:47.005449", "action": "sell", "platform": "pump_fun", "token_address": "Cn2STMyDD819uY1DzQuEwChXCiNxXWQkTgH2BfmXpump", "symbol": " ALoop", "price": 1.0000000000000001e-07, "amount": 1000.0, "tx_hash": "DRY_RUN_SELL_Cn2STMyDD819uY1D"}
{"timestamp": "2025-08-20T23:48:50.407033", "action": "buy", "platform": "pump_fun", "token_address": "4Nhq5rzMJ8nPx7nQgeQWXocw7itTLdpTSy59Ut88pump", "symbol": "McKitty", "price": 1.0000000000000001e-07, "amount": 1000.0, "tx_hash": "DRY_RUN_BUY_4Nhq5rzMJ8nPx7nQ"}
{"timestamp": "2025-08-20T23:49:05.417228", "action": "sell", "platform": "pump_fun", "token_address": "4Nhq5rzMJ8nPx7nQgeQWXocw7itTLdpTSy59Ut88pump", "symbol": "McKitty", "price": 1.0000000000000001e-07, "amount": 1000.0, "tx_hash": "DRY_RUN_SELL_4Nhq5rzMJ8nPx7nQ"}
{"timestamp": "2025-08-20T23:49:11.714689", "action": "buy", "platform": "pump_fun", "token_address": "BRNiQikfhMy3jPBWHsBGpZwuMwouq5nUnbR9fS41pump", "symbol": "r/kitty", "price": 1.0000000000000001e-07, "amount": 1000.0, "tx_hash": "DRY_RUN_BUY_BRNiQikfhMy3jPBW"}
{"timestamp": "2025-08-20T23:49:26.734340", "action": "sell", "platform": "pump_fun", "token_address": "BRNiQikfhMy3jPBWHsBGpZwuMwouq5nUnbR9fS41pump", "symbol": "r/kitty", "price": 1.0000000000000001e-07, "amount": 1000.0, "tx_hash": "DRY_RUN_SELL_BRNiQikfhMy3jPBW"}
{"timestamp": "2025-08-20T23:49:38.088166", "action": "buy", "platform": "pump_fun", "token_address": "8dwZCbXoG9qDv8LjSxaRGHRzfiRbcgdr4tgxYjpZpump", "symbol": "cracked", "price": 1.0000000000000001e-07, "amount": 1000.0, "tx_hash": "DRY_RUN_BUY_8dwZCbXoG9qDv8Lj"}
{"timestamp": "2025-08-20T23:49:53.095702", "action": "sell", "platform": "pump_fun", "token_address": "8dwZCbXoG9qDv8LjSxaRGHRzfiRbcgdr4tgxYjpZpump", "symbol": "cracked", "price": 1.0000000000000001e-07, "amount": 1000.0, "tx_hash": "DRY_RUN_SELL_8dwZCbXoG9qDv8Lj"}
{"timestamp": "2025-08-20T23:49:53.111420", "action": "buy", "platform": "pump_fun", "token_address": "FU3UKd4HGJgyRhLs2sqiKkBxHsASR61gUGHMwpY4pump", "symbol": "chudlife", "price": 1.0000000000000001e-07, "amount": 1000.0, "tx_hash": "DRY_RUN_BUY_FU3UKd4HGJgyRhLs"}
{"timestamp": "2025-08-20T23:50:26.003596", "action": "buy", "platform": "pump_fun", "token_address": "4J9Y8FKVwM6kmqSm5ahjGgmRkuWF1ZJLuJEJN7uepump", "symbol": "ApeApe", "price": 1.0000000000000001e-07, "amount": 1000.0, "tx_hash": "DRY_RUN_BUY_4J9Y8FKVwM6kmqSm"}
{"timestamp": "2025-08-20T23:50:41.010528", "action": "sell", "platform": "pump_fun", "token_address": "4J9Y8FKVwM6kmqSm5ahjGgmRkuWF1ZJLuJEJN7uepump", "symbol": "ApeApe", "price": 1.0000000000000001e-07, "amount": 1000.0, "tx_hash": "DRY_RUN_SELL_4J9Y8FKVwM6kmqSm"}
{"timestamp": "2025-08-20T23:50:43.614896", "action": "buy", "platform": "pump_fun", "token_address": "375UijViyzPSw83YW71n5zrzhFjDPuALo8AhVk7apump", "symbol": "MASSIVE", "price": 1.0000000000000001e-07, "amount": 1000.0, "tx_hash": "DRY_RUN_BUY_375UijViyzPSw83Y"}
{"timestamp": "2025-08-20T23:54:23.787136", "action": "buy", "platform": "pump_fun", "token_address": "7pMQ8gCWEeAi2MXbM1BRgR2hkUdtKGdXLWHDvQWpump", "symbol": "TEST3", "price": 1.0000000000000001e-07, "amount": 1000.0, "tx_hash": "DRY_RUN_BUY_7pMQ8gCWEeAi2MXb"}
{"timestamp": "2025-08-20T23:54:38.807142", "action": "sell", "platform": "pump_fun", "token_address": "7pMQ8gCWEeAi2MXbM1BRgR2hkUdtKGdXLWHDvQWpump", "symbol": "TEST3", "price": 1.0000000000000001e-07, "amount": 1000.0, "tx_hash": "DRY_RUN_SELL_7pMQ8gCWEeAi2MXb"}
{"timestamp": "2025-08-20T23:54:41.172641", "action": "buy", "platform": "pump_fun", "token_address": "CqbNLUWq4Xz1FSZigQFoCF2Ao9qCck4C3A7ybJj5pump", "symbol": "$ H O  L D", "price": 1.0000000000000001e-07, "amount": 1000.0, "tx_hash": "DRY_RUN_BUY_CqbNLUWq4Xz1FSZi"}
{"timestamp": "2025-08-20T23:56:14.350350", "action": "buy", "platform": "pump_fun", "token_address": "DPnHAkbvKZqiaqtDirR3VE8qipgmiXYnsvqUE4vBpump", "symbol": "brokecoin", "price": 1.0000000000000001e-07, "amount": 1000.0, "tx_hash": "DRY_RUN_BUY_DPnHAkbvKZqiaqtD"}
{"timestamp": "2025-08-20T23:56:29.366463", "action": "sell", "platform": "pump_fun", "token_address": "DPnHAkbvKZqiaqtDirR3VE8qipgmiXYnsvqUE4vBpump", "symbol": "brokecoin", "price": 1.0000000000000001e-07, "amount": 1000.0, "tx_hash": "DRY_RUN_SELL_DPnHAkbvKZqiaqtD"}
{"timestamp": "2025-08-20T23:56:31.026669", "action": "buy", "platform": "pump_fun", "token_address": "CK7CvoUUzs9nrWF1Qx8hYVqsBZN5jKuu7dZFZq33pump", "symbol": "TICKER", "price": 1.0000000000000001e-07, "amount": 1000.0, "tx_hash": "DRY_RUN_BUY_CK7CvoUUzs9nrWF1"}
{"timestamp": "2025-08-20T23:56:46.043453", "action": "sell", "platform": "pump_fun", "token_address": "CK7CvoUUzs9nrWF1Qx8hYVqsBZN5jKuu7dZFZq33pump", "symbol": "TICKER", "price": 1.0000000000000001e-07, "amount": 1000.0, "tx_hash": "DRY_RUN_SELL_CK7CvoUUzs9nrWF1"}
{"timestamp": "2025-08-20T23:56:51.619929", "action": "buy", "platform": "pump_fun", "token_address": "EThYm8tHjEWCrhq7qSUDMPJzUf3SXSj71KhKRmY7pump", "symbol": "MIN", "price": 1.0000000000000001e-07, "amount": 1000.0, "tx_hash": "DRY_RUN_BUY_EThYm8tHjEWCrhq7"}
{"timestamp": "2025-08-20T23:57:06.626202", "action": "sell", "platform": "pump_fun", "token_address": "EThYm8tHjEWCrhq7qSUDMPJzUf3SXSj71KhKRmY7pump", "symbol": "MIN", "price": 1.0000000000000001e-07, "amount": 1000.0, "tx_hash": "DRY_RUN_SELL_EThYm8tHjEWCrhq7"}
{"timestamp": "2025-08-20T23:57:08.106531", "action": "buy", "platform": "pump_fun", "token_address": "74d5vUi4U8GSr1KyYk5P3c2CWutRTVoKRQgFZb2azkdS", "symbol": "MAJOR", "price": 1.0000000000000001e-07, "amount": 1000.0, "tx_hash": "DRY_RUN_BUY_74d5vUi4U8GSr1Ky"}
{"timestamp": "2025-08-20T23:57:23.111345", "action": "sell", "platform": "pump_fun", "token_address": "74d5vUi4U8GSr1KyYk5P3c2CWutRTVoKRQgFZb2azkdS", "symbol": "MAJOR", "price": 1.0000000000000001e-07, "amount": 1000.0, "tx_hash": "DRY_RUN_SELL_74d5vUi4U8GSr1Ky"}
{"timestamp": "2025-08-20T23:57:24.333612", "action": "buy", "platform": "pump_fun", "token_address": "XggT5or9T9n1ErFX98YdnbbHj5Tb6RbdFYXYYA9pump", "symbol": "CHAD", "price": 1.0000000000000001e-07, "amount": 1000.0, "tx_hash": "DRY_RUN_BUY_XggT5or9T9n1ErFX"}
{"timestamp": "2025-08-20T23:57:39.347936", "action": "sell", "platform": "pump_fun", "token_address": "XggT5or9T9n1ErFX98YdnbbHj5Tb6RbdFYXYYA9pump", "symbol": "CHAD", "price": 1.0000000000000001e-07, "amount": 1000.0, "tx_hash": "DRY_RUN_SELL_XggT5or9T9n1ErFX"}
{"timestamp": "2025-08-20T23:57:44.264716", "action": "buy", "platform": "pump_fun", "token_address": "12pZWubSWYN9F2ncaC2nY1i7VFTXF4ywzzJJttbhpump", "symbol": "GOKU", "price": 1.0000000000000001e-07, "amount": 1000.0, "tx_hash": "DRY_RUN_BUY_12pZWubSWYN9F2nc"}
{"timestamp": "2025-08-20T23:57:59.272241", "action": "sell", "platform": "pump_fun", "token_address": "12pZWubSWYN9F2ncaC2nY1i7VFTXF4ywzzJJttbhpump", "symbol": "GOKU", "price": 1.0000000000000001e-07, "amount": 1000.0, "tx_hash": "DRY_RUN_SELL_12pZWubSWYN9F2nc"}
{"timestamp": "2025-08-20T23:58:06.547425", "action": "buy", "platform": "pump_fun", "token_address": "66ieieuEBKAGk2D1c2QwKeNPuZ1YMjwoZFQwruo5pump", "symbol": "cooked", "price": 1.0000000000000001e-07, "amount": 1000.0, "tx_hash": "DRY_RUN_BUY_66ieieuEBKAGk2D1"}
{"timestamp": "2025-08-20T23:58:21.556021", "action": "sell", "platform": "pump_fun", "token_address": "66ieieuEBKAGk2D1c2QwKeNPuZ1YMjwoZFQwruo5pump", "symbol": "cooked", "price": 1.0000000000000001e-07, "amount": 1000.0, "tx_hash": "DRY_RUN_SELL_66ieieuEBKAGk2D1"}
{"timestamp": "2025-08-20T23:58:23.622606", "action": "buy", "platform": "pump_fun", "token_address": "7ZFJYQpqnTB4AFtsmNAbJEEKWWrCkDXcfSchgK7vpump", "symbol": "bdflac", "price": 1.0000000000000001e-07, "amount": 1000.0, "tx_hash": "DRY_RUN_BUY_7ZFJYQpqnTB4AFts"}
{"timestamp": "2025-08-20T23:58:38.635311", "action": "sell", "platform": "pump_fun", "token_address": "7ZFJYQpqnTB4AFtsmNAbJEEKWWrCkDXcfSchgK7vpump", "symbol": "bdflac", "price": 1.0000000000000001e-07, "amount": 1000.0, "tx_hash": "DRY_RUN_SELL_7ZFJYQpqnTB4AFts"}
{"timestamp": "2025-08-20T23:58:39.823325", "action": "buy", "platform": "pump_fun", "token_address": "5tTB1X5QUmTHthzE8KXAKWyXfSsfj7GLafveh84ZAHfg", "symbol": "ROBLOX", "price": 1.0000000000000001e-07, "amount": 1000.0, "tx_hash": "DRY_RUN_BUY_5tTB1X5QUmTHthzE"}
{"timestamp": "2025-08-20T23:58:54.833447", "action": "sell", "platform": "pump_fun", "token_address": "5tTB1X5QUmTHthzE8KXAKWyXfSsfj7GLafveh84ZAHfg", "symbol": "ROBLOX", "price": 1.0000000000000001e-07, "amount": 1000.0, "tx_hash": "DRY_RUN_SELL_5tTB1X5QUmTHthzE"}
{"timestamp": "2025-08-20T23:59:02.753850", "action": "buy", "platform": "pump_fun", "token_address": "6FGMfXZsPtYTSgpobaFNsmRWMs7bdRy7gHCF187epump", "symbol": "BRINE", "price": 1.0000000000000001e-07, "amount": 1000.0, "tx_hash": "DRY_RUN_BUY_6FGMfXZsPtYTSgpo"}
{"timestamp": "2025-08-21T00:21:05.279918", "action": "buy", "platform": "pump_fun", "token_address": "jQPiKxFgtipFjb8K5mBKtUBGNs8YcKuq6nbPU6Wpump", "symbol": "Eve", "price": 0.0001, "amount": 1000.0, "tx_hash": "DRY_RUN_BUY_jQPiKxFgtipFjb8K"}
{"timestamp": "2025-08-21T00:25:18.542262", "action": "buy", "platform": "pump_fun", "token_address": "7zN9kvDjg21xxNBRzkS2U9GaStSyJLxidxT6ZcxXpump", "symbol": "COINS69420", "price": 0.0001, "amount": 1000.0, "tx_hash": "DRY_RUN_BUY_7zN9kvDjg21xxNBR"}
{"timestamp": "2025-08-21T00:28:32.208142", "action": "buy", "platform": "pump_fun", "token_address": "7xTrgRRogujPMbQhsGjDYw7Qd8FA8nUshHoxWVyApump", "symbol": "YZY", "price": 0.0001, "amount": 1000.0, "tx_hash": "DRY_RUN_BUY_7xTrgRRogujPMbQh"}
{"timestamp": "2025-08-21T00:39:10.719488", "action": "buy", "platform": "pump_fun", "token_address": "6KR9FVxUWJje9GcfenvdQ97HMeuxUF4MjnAMTnC4pump", "symbol": "createcoin", "price": 0.0001, "amount": 1000.0, "tx_hash": "DRY_RUN_BUY_6KR9FVxUWJje9Gcf"}
{"timestamp": "2025-08-21T00:43:12.533869", "action": "buy", "platform": "pump_fun", "token_address": "QSW7KU5Ld6dKMDaDkQ25T1Mt7urxEwAz1RwoNHipump", "symbol": "villainarc", "price": 0.0001, "amount": 1000.0, "tx_hash": "DRY_RUN_BUY_QSW7KU5Ld6dKMDaD"}
{"timestamp": "2025-08-21T00:47:49.235709", "action": "buy", "platform": "pump_fun", "token_address": "Rgxgp84NpLuf4vAknptK4u3GPtn5BWWNb313KxTpump", "symbol": "ts", "price": 0.0001, "amount": 1000.0, "tx_hash": "DRY_RUN_BUY_Rgxgp84NpLuf4vAk"}
{"timestamp": "2025-08-21T00:52:06.088364", "action": "buy", "platform": "pump_fun", "token_address": "Cm7yMLJoDJ7Er2vDwKnh42B65CQGoXxsdisCzNpApump", "symbol": "GOAT", "price": 0.0001, "amount": 1000.0, "tx_hash": "DRY_RUN_BUY_Cm7yMLJoDJ7Er2vD"}
{"timestamp": "2025-08-21T00:53:24.768488", "action": "buy", "platform": "pump_fun", "token_address": "E13GNc6rq5BvBvSPQPoZE6N53PS6LCsT52wYbYoLpump", "symbol": "sidelined", "price": 0.0001, "amount": 1000.0, "tx_hash": "DRY_RUN_BUY_E13GNc6rq5BvBvSP"}
{"timestamp": "2025-08-21T00:55:32.128843", "action": "buy", "platform": "pump_fun", "token_address": "3KDef3DmGJG32CcguoffaSCYUXTJdcaV6SEvkRRmpump", "symbol": "\u200e \u200e ", "price": 0.0001, "amount": 1000.0, "tx_hash": "DRY_RUN_BUY_3KDef3DmGJG32Ccg"}
{"timestamp": "2025-08-21T01:09:10.750802", "action": "buy", "platform": "pump_fun", "token_address": "HvUqpJxwWERmsiAWqtyyPBHKbW2SYYnexEmMhkCUpump", "symbol": "Simon", "price": 0.0001, "amount": 1000.0, "tx_hash": "DRY_RUN_BUY_HvUqpJxwWERmsiAW"}
{"timestamp": "2025-08-21T01:10:43.808132", "action": "buy", "platform": "pump_fun", "token_address": "ExyFv5S2AhC41otHFGgufN6rA1KVrBoyDVLoYvxHpump", "symbol": "NOSTALGIA", "price": 0.0001, "amount": 1000.0, "tx_hash": "DRY_RUN_BUY_ExyFv5S2AhC41otH"}
{"timestamp": "2025-08-21T01:14:38.772644", "action": "buy", "platform": "pump_fun", "token_address": "9eo9Tx6XMznf3hJRWJXZ8mmCvkL3rSHrCbwkB1Hzpump", "symbol": "PSN PFP", "price": 0.0001, "amount": 1000.0, "tx_hash": "DRY_RUN_BUY_9eo9Tx6XMznf3hJR"}
{"timestamp": "2025-08-21T01:21:14.255685", "action": "buy", "platform": "pump_fun", "token_address": "4E2m8AmvukiEqKJBEASz3PLZ2VArfAD3B1i63EErpump", "symbol": "SMP", "price": 0.0001, "amount": 1000.0, "tx_hash": "DRY_RUN_BUY_4E2m8AmvukiEqKJB"}
{"timestamp": "2025-08-21T01:23:37.025907", "action": "buy", "platform": "pump_fun", "token_address": "j1eFF4p9Derhdj26jc3mG8aod4bk22zjr3pGE34pump", "symbol": "yrn", "price": 0.0001, "amount": 1000.0, "tx_hash": "DRY_RUN_BUY_j1eFF4p9Derhdj26"}
{"timestamp": "2025-08-21T01:23:42.033022", "action": "sell", "platform": "pump_fun", "token_address": "j1eFF4p9Derhdj26jc3mG8aod4bk22zjr3pGE34pump", "symbol": "yrn", "price": 0.0001, "amount": 1000.0, "tx_hash": "DRY_RUN_SELL_j1eFF4p9Derhdj26"}
{"timestamp": "2025-08-21T01:23:42.034736", "action": "buy", "platform": "pump_fun", "token_address": "3oryxCxJsEAjVBHN94m6ra5TBVPgkZbnMLeMMfhLpump", "symbol": "TINK", "price": 0.0001, "amount": 1000.0, "tx_hash": "DRY_RUN_BUY_3oryxCxJsEAjVBHN"}
{"timestamp": "2025-08-21T01:23:47.041315", "action": "sell", "platform": "pump_fun", "token_address": "3oryxCxJsEAjVBHN94m6ra5TBVPgkZbnMLeMMfhLpump", "symbol": "TINK", "price": 0.0001, "amount": 1000.0, "tx_hash": "DRY_RUN_SELL_3oryxCxJsEAjVBHN"}
{"timestamp": "2025-08-21T01:23:50.539614", "action": "buy", "platform": "pump_fun", "token_address": "Hizev943N1Yup63mRbTWLSLJJmjpdv4r9PVbmSWwpump", "symbol": "goodcoin", "price": 0.0001, "amount": 1000.0, "tx_hash": "DRY_RUN_BUY_Hizev943N1Yup63m"}
{"timestamp": "2025-08-21T01:23:55.547600", "action": "sell", "platform": "pump_fun", "token_address": "Hizev943N1Yup63mRbTWLSLJJmjpdv4r9PVbmSWwpump", "symbol": "goodcoin", "price": 0.0001, "amount": 1000.0, "tx_hash": "DRY_RUN_SELL_Hizev943N1Yup63m"}
{"timestamp": "2025-08-21T01:23:55.564528", "action": "buy", "platform": "pump_fun", "token_address": "Cb9DhaXZSFafWAtRSmZEQhAYm9dM8nWzVzLZDikupump", "symbol": "INDU", "price": 0.0001, "amount": 1000.0, "tx_hash": "DRY_RUN_BUY_Cb9DhaXZSFafWAtR"}
{"timestamp": "2025-08-21T01:24:00.574886", "action": "sell", "platform": "pump_fun", "token_address": "Cb9DhaXZSFafWAtRSmZEQhAYm9dM8nWzVzLZDikupump", "symbol": "INDU", "price": 0.0001, "amount": 1000.0, "tx_hash": "DRY_RUN_SELL_Cb9DhaXZSFafWAtR"}
{"timestamp": "2025-08-21T01:24:04.412082", "action": "buy", "platform": "pump_fun", "token_address": "7F3KyX7NwtVncg5SnRMgFs7qxQHJSogJQzyQRJwLpump", "symbol": "SLIM", "price": 0.0001, "amount": 1000.0, "tx_hash": "DRY_RUN_BUY_7F3KyX7NwtVncg5S"}
{"timestamp": "2025-08-21T01:24:09.429559", "action": "sell", "platform": "pump_fun", "token_address": "7F3KyX7NwtVncg5SnRMgFs7qxQHJSogJQzyQRJwLpump", "symbol": "SLIM", "price": 0.0001, "amount": 1000.0, "tx_hash": "DRY_RUN_SELL_7F3KyX7NwtVncg5S"}
{"timestamp": "2025-08-21T01:24:10.214504", "action": "buy", "platform": "pump_fun", "token_address": "FpEHwqo7VVbthohQBZdpMtUbUm3To8LN242Df1m4PQ63", "symbol": "blackshyt", "price": 0.0001, "amount": 1000.0, "tx_hash": "DRY_RUN_BUY_FpEHwqo7VVbthohQ"}
{"timestamp": "2025-08-21T01:24:15.218867", "action": "sell", "platform": "pump_fun", "token_address": "FpEHwqo7VVbthohQBZdpMtUbUm3To8LN242Df1m4PQ63", "symbol": "blackshyt", "price": 0.0001, "amount": 1000.0, "tx_hash": "DRY_RUN_SELL_FpEHwqo7VVbthohQ"}
{"timestamp": "2025-08-21T01:24:20.749781", "action": "buy", "platform": "pump_fun", "token_address": "G7RjV8owcuCSAKt5JYDHWWJPhHL4J4xTv2SiLxJWCDWU", "symbol": "PUTIN", "price": 0.0001, "amount": 1000.0, "tx_hash": "DRY_RUN_BUY_G7RjV8owcuCSAKt5"}
{"timestamp": "2025-08-21T01:24:25.756193", "action": "sell", "platform": "pump_fun", "token_address": "G7RjV8owcuCSAKt5JYDHWWJPhHL4J4xTv2SiLxJWCDWU", "symbol": "PUTIN", "price": 0.0001, "amount": 1000.0, "tx_hash": "DRY_RUN_SELL_G7RjV8owcuCSAKt5"}
{"timestamp": "2025-08-21T01:24:29.865929", "action": "buy", "platform": "pump_fun", "token_address": "A7MC3bwB2js2NeZkcNkiewsnqS7BVSjub4oh65XBzLpb", "symbol": "Wildcard", "price": 0.0001, "amount": 1000.0, "tx_hash": "DRY_RUN_BUY_A7MC3bwB2js2NeZk"}
{"timestamp": "2025-08-21T01:24:34.877102", "action": "sell", "platform": "pump_fun", "token_address": "A7MC3bwB2js2NeZkcNkiewsnqS7BVSjub4oh65XBzLpb", "symbol": "Wildcard", "price": 0.0001, "amount": 1000.0, "tx_hash": "DRY_RUN_SELL_A7MC3bwB2js2NeZk"}
{"timestamp": "2025-08-21T01:25:05.550738", "action": "buy", "platform": "pump_fun", "token_address": "4HMoXeuYqgw6nsh84ihMSQ1NQsG1HZYTi3F7hiDCpump", "symbol": "YN", "price": 0.0001, "amount": 1000.0, "tx_hash": "DRY_RUN_BUY_4HMoXeuYqgw6nsh8"}
{"timestamp": "2025-08-21T01:25:10.557213", "action": "sell", "platform": "pump_fun", "token_address": "4HMoXeuYqgw6nsh84ihMSQ1NQsG1HZYTi3F7hiDCpump", "symbol": "YN", "price": 0.0001, "amount": 1000.0, "tx_hash": "DRY_RUN_SELL_4HMoXeuYqgw6nsh8"}
{"timestamp": "2025-08-21T01:25:25.816263", "action": "buy", "platform": "pump_fun", "token_address": "ANEitRg4WLBJKpVJbDQxRPhy6jiFjfUBx7WkaYgApump", "symbol": "blud", "price": 0.0001, "amount": 1000.0, "tx_hash": "DRY_RUN_BUY_ANEitRg4WLBJKpVJ"}
{"timestamp": "2025-08-21T01:25:30.827632", "action": "sell", "platform": "pump_fun", "token_address": "ANEitRg4WLBJKpVJbDQxRPhy6jiFjfUBx7WkaYgApump", "symbol": "blud", "price": 0.0001, "amount": 1000.0, "tx_hash": "DRY_RUN_SELL_ANEitRg4WLBJKpVJ"}
{"timestamp": "2025-08-21T01:25:33.326715", "action": "buy", "platform": "pump_fun", "token_address": "3MTrG9yGuXhD9Dtp5fmrJvkmPqf3bByFmWgWfbcDpump", "symbol": "cuh", "price": 0.0001, "amount": 1000.0, "tx_hash": "DRY_RUN_BUY_3MTrG9yGuXhD9Dtp"}
{"timestamp": "2025-08-21T01:25:38.338365", "action": "sell", "platform": "pump_fun", "token_address": "3MTrG9yGuXhD9Dtp5fmrJvkmPqf3bByFmWgWfbcDpump", "symbol": "cuh", "price": 0.0001, "amount": 1000.0, "tx_hash": "DRY_RUN_SELL_3MTrG9yGuXhD9Dtp"}
{"timestamp": "2025-08-21T01:25:44.020081", "action": "buy", "platform": "pump_fun", "token_address": "H1K3Zt8dwDEsdVenUPheisFUPVYuyhfKDRECy5NWoFSX", "symbol": "CSI888", "price": 0.0001, "amount": 1000.0, "tx_hash": "DRY_RUN_BUY_H1K3Zt8dwDEsdVen"}
{"timestamp": "2025-08-21T01:25:49.029785", "action": "sell", "platform": "pump_fun", "token_address": "H1K3Zt8dwDEsdVenUPheisFUPVYuyhfKDRECy5NWoFSX", "symbol": "CSI888", "price": 0.0001, "amount": 1000.0, "tx_hash": "DRY_RUN_SELL_H1K3Zt8dwDEsdVen"}
{"timestamp": "2025-08-21T01:25:52.267177", "action": "buy", "platform": "pump_fun", "token_address": "Gi6hvmN6vYguPJgV97rtQr3dwcpfLCPgNSCvwE3Upump", "symbol": "TESLA", "price": 0.0001, "amount": 1000.0, "tx_hash": "DRY_RUN_BUY_Gi6hvmN6vYguPJgV"}
{"timestamp": "2025-08-21T01:25:57.282165", "action": "sell", "platform": "pump_fun", "token_address": "Gi6hvmN6vYguPJgV97rtQr3dwcpfLCPgNSCvwE3Upump", "symbol": "TESLA", "price": 0.0001, "amount": 1000.0, "tx_hash": "DRY_RUN_SELL_Gi6hvmN6vYguPJgV"}
{"timestamp": "2025-08-21T01:26:07.679729", "action": "buy", "platform": "pump_fun", "token_address": "H1w2CpPettma4PHNnJZYG89B7Sr1HzEcfxRHpEncpump", "symbol": "AON", "price": 0.0001, "amount": 1000.0, "tx_hash": "DRY_RUN_BUY_H1w2CpPettma4PHN"}
{"timestamp": "2025-08-21T01:26:12.698201", "action": "sell", "platform": "pump_fun", "token_address": "H1w2CpPettma4PHNnJZYG89B7Sr1HzEcfxRHpEncpump", "symbol": "AON", "price": 0.0001, "amount": 1000.0, "tx_hash": "DRY_RUN_SELL_H1w2CpPettma4PHN"}
{"timestamp": "2025-08-21T01:26:42.216371", "action": "buy", "platform": "pump_fun", "token_address": "2CRokzJASpf9TWd1NA95yq81W8kn8T3aoSAeMQNjf3yJ", "symbol": "tragedeigh", "price": 0.0001, "amount": 1000.0, "tx_hash": "DRY_RUN_BUY_2CRokzJASpf9TWd1"}
{"timestamp": "2025-08-21T01:26:47.233165", "action": "sell", "platform": "pump_fun", "token_address": "2CRokzJASpf9TWd1NA95yq81W8kn8T3aoSAeMQNjf3yJ", "symbol": "tragedeigh", "price": 0.0001, "amount": 1000.0, "tx_hash": "DRY_RUN_SELL_2CRokzJASpf9TWd1"}
{"timestamp": "2025-08-21T01:26:47.235378", "action": "buy", "platform": "pump_fun", "token_address": "CxJRQfeKxEAwYQmmALqz8D11heL5YtZ3ae8pXrThpump", "symbol": "JFC", "price": 0.0001, "amount": 1000.0, "tx_hash": "DRY_RUN_BUY_CxJRQfeKxEAwYQmm"}
{"timestamp": "2025-08-21T01:26:52.242637", "action": "sell", "platform": "pump_fun", "token_address": "CxJRQfeKxEAwYQmmALqz8D11heL5YtZ3ae8pXrThpump", "symbol": "JFC", "price": 0.0001, "amount": 1000.0, "tx_hash": "DRY_RUN_SELL_CxJRQfeKxEAwYQmm"}
{"timestamp": "2025-08-21T01:27:01.158994", "action": "buy", "platform": "pump_fun", "token_address": "FrodevTnxcb3bjH1MCqGbb87LCReYYjRBYEArZmypump", "symbol": "Sqdm", "price": 0.0001, "amount": 1000.0, "tx_hash": "DRY_RUN_BUY_FrodevTnxcb3bjH1"}
{"timestamp": "2025-08-21T01:27:06.172798", "action": "sell", "platform": "pump_fun", "token_address": "FrodevTnxcb3bjH1MCqGbb87LCReYYjRBYEArZmypump", "symbol": "Sqdm", "price": 0.0001, "amount": 1000.0, "tx_hash": "DRY_RUN_SELL_FrodevTnxcb3bjH1"}
{"timestamp": "2025-08-21T01:27:06.804821", "action": "buy", "platform": "pump_fun", "token_address": "J7Rbgamxj3yreJY6BxcCSSmUdTnM8WaX21fV7RT5pump", "symbol": "CRYPTOBOTS", "price": 0.0001, "amount": 1000.0, "tx_hash": "DRY_RUN_BUY_J7Rbgamxj3yreJY6"}
{"timestamp": "2025-08-21T01:27:11.819723", "action": "sell", "platform": "pump_fun", "token_address": "J7Rbgamxj3yreJY6BxcCSSmUdTnM8WaX21fV7RT5pump", "symbol": "CRYPTOBOTS", "price": 0.0001, "amount": 1000.0, "tx_hash": "DRY_RUN_SELL_J7Rbgamxj3yreJY6"}
{"timestamp": "2025-08-21T01:27:14.887842", "action": "buy", "platform": "pump_fun", "token_address": "3buqy1WwxEJ21yxcGqB3T7U6XYGQKns2aibRXbkXpump", "symbol": "SHYTCOIN", "price": 0.0001, "amount": 1000.0, "tx_hash": "DRY_RUN_BUY_3buqy1WwxEJ21yxc"}
{"timestamp": "2025-08-21T01:27:19.900955", "action": "sell", "platform": "pump_fun", "token_address": "3buqy1WwxEJ21yxcGqB3T7U6XYGQKns2aibRXbkXpump", "symbol": "SHYTCOIN", "price": 0.0001, "amount": 1000.0, "tx_hash": "DRY_RUN_SELL_3buqy1WwxEJ21yxc"}
{"timestamp": "2025-08-21T01:27:20.043558", "action": "buy", "platform": "pump_fun", "token_address": "EJQwf3sHwVE411ccnYWuhLs6SG2GLPy9efrxgocZpump", "symbol": "WHATEVER", "price": 0.0001, "amount": 1000.0, "tx_hash": "DRY_RUN_BUY_EJQwf3sHwVE411cc"}
{"timestamp": "2025-08-21T01:27:25.048926", "action": "sell", "platform": "pump_fun", "token_address": "EJQwf3sHwVE411ccnYWuhLs6SG2GLPy9efrxgocZpump", "symbol": "WHATEVER", "price": 0.0001, "amount": 1000.0, "tx_hash": "DRY_RUN_SELL_EJQwf3sHwVE411cc"}
{"timestamp": "2025-08-21T01:27:34.631172", "action": "buy", "platform": "pump_fun", "token_address": "6MEPU3g6VZY289YLc7UsnYfmFKDivR5ntd51vR5bpump", "symbol": "BRUV6900", "price": 0.0001, "amount": 1000.0, "tx_hash": "DRY_RUN_BUY_6MEPU3g6VZY289YL"}
{"timestamp": "2025-08-21T01:27:39.644939", "action": "sell", "platform": "pump_fun", "token_address": "6MEPU3g6VZY289YLc7UsnYfmFKDivR5ntd51vR5bpump", "symbol": "BRUV6900", "price": 0.0001, "amount": 1000.0, "tx_hash": "DRY_RUN_SELL_6MEPU3g6VZY289YL"}
{"timestamp": "2025-08-21T01:27:39.646496", "action": "buy", "platform": "pump_fun", "token_address": "GbXHjcdEk8kgHUyckZK1p7wxNVK8jgLFSgym3GCfpump", "symbol": "new pears", "price": 0.0001, "amount": 1000.0, "tx_hash": "DRY_RUN_BUY_GbXHjcdEk8kgHUyc"}
{"timestamp": "2025-08-21T01:27:44.654638", "action": "sell", "platform": "pump_fun", "token_address": "GbXHjcdEk8kgHUyckZK1p7wxNVK8jgLFSgym3GCfpump", "symbol": "new pears", "price": 0.0001, "amount": 1000.0, "tx_hash": "DRY_RUN_SELL_GbXHjcdEk8kgHUyc"}
{"timestamp": "2025-08-21T01:27:44.658782", "action": "buy", "platform": "pump_fun", "token_address": "4iZi3Vu1pUMjp7E3teLrXnWCaZmZD9EYKcc6NkGWpump", "symbol": "mandem", "price": 0.0001, "amount": 1000.0, "tx_hash": "DRY_RUN_BUY_4iZi3Vu1pUMjp7E3"}
{"timestamp": "2025-08-21T01:27:49.671385", "action": "sell", "platform": "pump_fun", "token_address": "4iZi3Vu1pUMjp7E3teLrXnWCaZmZD9EYKcc6NkGWpump", "symbol": "mandem", "price": 0.0001, "amount": 1000.0, "tx_hash": "DRY_RUN_SELL_4iZi3Vu1pUMjp7E3"}
{"timestamp": "2025-08-21T01:27:58.517195", "action": "buy", "platform": "pump_fun", "token_address": "Hyu2cbPGhJx1doYtGesKNT91veepY3hqDPnrRAWWpump", "symbol": "STARPOST", "price": 0.0001, "amount": 1000.0, "tx_hash": "DRY_RUN_BUY_Hyu2cbPGhJx1doYt"}
{"timestamp": "2025-08-21T01:28:03.528845", "action": "sell", "platform": "pump_fun", "token_address": "Hyu2cbPGhJx1doYtGesKNT91veepY3hqDPnrRAWWpump", "symbol": "STARPOST", "price": 0.0001, "amount": 1000.0, "tx_hash": "DRY_RUN_SELL_Hyu2cbPGhJx1doYt"}
{"timestamp": "2025-08-21T01:28:03.530381", "action": "buy", "platform": "pump_fun", "token_address": "GYrRMjyaxFr69Sx5KLHcMWseV9mbUQtEcRz5PXWhpump", "symbol": "Boots", "price": 0.0001, "amount": 1000.0, "tx_hash": "DRY_RUN_BUY_GYrRMjyaxFr69Sx5"}
{"timestamp": "2025-08-21T01:28:08.547522", "action": "sell", "platform": "pump_fun", "token_address": "GYrRMjyaxFr69Sx5KLHcMWseV9mbUQtEcRz5PXWhpump", "symbol": "Boots", "price": 0.0001, "amount": 1000.0, "tx_hash": "DRY_RUN_SELL_GYrRMjyaxFr69Sx5"}
{"timestamp": "2025-08-21T01:28:16.560486", "action": "buy", "platform": "pump_fun", "token_address": "8nkQnFc9UZJQrHrJ6GjL4GG99TUtdaCXrFdt2Rw2pump", "symbol": "Twin", "price": 0.0001, "amount": 1000.0, "tx_hash": "DRY_RUN_BUY_8nkQnFc9UZJQrHrJ"}
{"timestamp": "2025-08-21T01:28:21.569702", "action": "sell", "platform": "pump_fun", "token_address": "8nkQnFc9UZJQrHrJ6GjL4GG99TUtdaCXrFdt2Rw2pump", "symbol": "Twin", "price": 0.0001, "amount": 1000.0, "tx_hash": "DRY_RUN_SELL_8nkQnFc9UZJQrHrJ"}
{"timestamp": "2025-08-21T01:28:25.320582", "action": "buy", "platform": "pump_fun", "token_address": "mYFhX6eUTuKXSHCmies2aEni5XUmUyheDmY1sZipump", "symbol": "stankmemes", "price": 0.0001, "amount": 1000.0, "tx_hash": "DRY_RUN_BUY_mYFhX6eUTuKXSHCm"}
{"timestamp": "2025-08-21T01:28:30.327443", "action": "sell", "platform": "pump_fun", "token_address": "mYFhX6eUTuKXSHCmies2aEni5XUmUyheDmY1sZipump", "symbol": "stankmemes", "price": 0.0001, "amount": 1000.0, "tx_hash": "DRY_RUN_SELL_mYFhX6eUTuKXSHCm"}
{"timestamp": "2025-08-21T01:28:33.807534", "action": "buy", "platform": "pump_fun", "token_address": "fxK6Xj49Eukv2ccJGFaDpSoxLDztADNcGub3QSrpump", "symbol": "POOP ", "price": 0.0001, "amount": 1000.0, "tx_hash": "DRY_RUN_BUY_fxK6Xj49Eukv2ccJ"}
{"timestamp": "2025-08-21T01:28:38.824635", "action": "sell", "platform": "pump_fun", "token_address": "fxK6Xj49Eukv2ccJGFaDpSoxLDztADNcGub3QSrpump", "symbol": "POOP ", "price": 0.0001, "amount": 1000.0, "tx_hash": "DRY_RUN_SELL_fxK6Xj49Eukv2ccJ"}
{"timestamp": "2025-08-21T01:28:40.601524", "action": "buy", "platform": "pump_fun", "token_address": "44Whmu3r2eiFLznLaiuRvT121usCXgFeogmKizPmpump", "symbol": "LOOOOOL", "price": 0.0001, "amount": 1000.0, "tx_hash": "DRY_RUN_BUY_44Whmu3r2eiFLznL"}
{"timestamp": "2025-08-21T01:28:45.610902", "action": "sell", "platform": "pump_fun", "token_address": "44Whmu3r2eiFLznLaiuRvT121usCXgFeogmKizPmpump", "symbol": "LOOOOOL", "price": 0.0001, "amount": 1000.0, "tx_hash": "DRY_RUN_SELL_44Whmu3r2eiFLznL"}
{"timestamp": "2025-08-21T01:28:47.237080", "action": "buy", "platform": "pump_fun", "token_address": "2a4wiQDv5z222y9rjN2coRtbu5Ho5K5g7hoGyvJ5pump", "symbol": "stonks", "price": 0.0001, "amount": 1000.0, "tx_hash": "DRY_RUN_BUY_2a4wiQDv5z222y9r"}
{"timestamp": "2025-08-21T01:28:52.253857", "action": "sell", "platform": "pump_fun", "token_address": "2a4wiQDv5z222y9rjN2coRtbu5Ho5K5g7hoGyvJ5pump", "symbol": "stonks", "price": 0.0001, "amount": 1000.0, "tx_hash": "DRY_RUN_SELL_2a4wiQDv5z222y9r"}
{"timestamp": "2025-08-21T01:29:09.449444", "action": "buy", "platform": "pump_fun", "token_address": "9GFEEU7g5W1BSudV4Jw46B2SXHa973otjVSUcT2Mpump", "symbol": "Enderboob", "price": 0.0001, "amount": 1000.0, "tx_hash": "DRY_RUN_BUY_9GFEEU7g5W1BSudV"}
{"timestamp": "2025-08-21T01:29:14.463735", "action": "sell", "platform": "pump_fun", "token_address": "9GFEEU7g5W1BSudV4Jw46B2SXHa973otjVSUcT2Mpump", "symbol": "Enderboob", "price": 0.0001, "amount": 1000.0, "tx_hash": "DRY_RUN_SELL_9GFEEU7g5W1BSudV"}
{"timestamp": "2025-08-21T01:29:14.465859", "action": "buy", "platform": "pump_fun", "token_address": "7qF9KuYstoyQwv8u6Zp9qXhkhDirxZhLH6C7nRhhpump", "symbol": "YZY", "price": 0.0001, "amount": 1000.0, "tx_hash": "DRY_RUN_BUY_7qF9KuYstoyQwv8u"}
{"timestamp": "2025-08-21T01:29:19.479629", "action": "sell", "platform": "pump_fun", "token_address": "7qF9KuYstoyQwv8u6Zp9qXhkhDirxZhLH6C7nRhhpump", "symbol": "YZY", "price": 0.0001, "amount": 1000.0, "tx_hash": "DRY_RUN_SELL_7qF9KuYstoyQwv8u"}
{"timestamp": "2025-08-21T01:29:19.631651", "action": "buy", "platform": "pump_fun", "token_address": "AuVxmKxBD59ovfJNyp2LgEp5dpwSwTV5E7zVjtBKpump", "symbol": "perfect", "price": 0.0001, "amount": 1000.0, "tx_hash": "DRY_RUN_BUY_AuVxmKxBD59ovfJN"}
{"timestamp": "2025-08-21T01:29:24.637462", "action": "sell", "platform": "pump_fun", "token_address": "AuVxmKxBD59ovfJNyp2LgEp5dpwSwTV5E7zVjtBKpump", "symbol": "perfect", "price": 0.0001, "amount": 1000.0, "tx_hash": "DRY_RUN_SELL_AuVxmKxBD59ovfJN"}
{"timestamp": "2025-08-21T01:29:26.367674", "action": "buy", "platform": "pump_fun", "token_address": "BY1yDMRjWqcv11Y6jSEr4Dr4L86RhNgtQqLx7XM3pump", "symbol": "MERCH", "price": 0.0001, "amount": 1000.0, "tx_hash": "DRY_RUN_BUY_BY1yDMRjWqcv11Y6"}
{"timestamp": "2025-08-21T01:29:31.384354", "action": "sell", "platform": "pump_fun", "token_address": "BY1yDMRjWqcv11Y6jSEr4Dr4L86RhNgtQqLx7XM3pump", "symbol": "MERCH", "price": 0.0001, "amount": 1000.0, "tx_hash": "DRY_RUN_SELL_BY1yDMRjWqcv11Y6"}
{"timestamp": "2025-08-21T01:39:07.690852", "action": "buy", "platform": "pump_fun", "token_address": "BXfD7moKkontETxpfhWJo77xqk2qbpA2u39HGNDwpump", "symbol": "MPUP", "price": 0.0001, "amount": 1000.0, "tx_hash": "DRY_RUN_BUY_BXfD7moKkontETxp"}
{"timestamp": "2025-08-21T01:39:19.878855", "action": "sell", "platform": "pump_fun", "token_address": "BXfD7moKkontETxpfhWJo77xqk2qbpA2u39HGNDwpump", "symbol": "MPUP", "price": 0.0001, "amount": 1000.0, "tx_hash": "DRY_RUN_SELL_BXfD7moKkontETxp"}
{"timestamp": "2025-08-21T01:39:36.531556", "action": "buy", "platform": "pump_fun", "token_address": "3eB1k298x3Pv1uRTvpXeuMGVVv8cqaWCEfvZRcTDpump", "symbol": "FN", "price": 0.0001, "amount": 1000.0, "tx_hash": "DRY_RUN_BUY_3eB1k298x3Pv1uRT"}
{"timestamp": "2025-08-21T01:39:49.107999", "action": "sell", "platform": "pump_fun", "token_address": "3eB1k298x3Pv1uRTvpXeuMGVVv8cqaWCEfvZRcTDpump", "symbol": "FN", "price": 0.0001, "amount": 1000.0, "tx_hash": "DRY_RUN_SELL_3eB1k298x3Pv1uRT"}
{"timestamp": "2025-08-21T02:21:12.314440", "action": "buy", "platform": "pump_fun", "token_address": "Fy4Kig2TZnAnCJ775yvRue8rNSYJASwCGLBfsWJ9pump", "symbol": "ZNS", "price": 2.9846250030002676e-08, "amount": 3350504.666397819, "tx_hash": "DRY_RUN_BUY_Fy4Kig2TZnAnCJ77"}
{"timestamp": "2025-08-21T02:21:27.866076", "action": "sell", "platform": "pump_fun", "token_address": "Fy4Kig2TZnAnCJ775yvRue8rNSYJASwCGLBfsWJ9pump", "symbol": "ZNS", "price": 2.9846250030002676e-08, "amount": 3350504.666397819, "tx_hash": "DRY_RUN_SELL_Fy4Kig2TZnAnCJ77"}
{"timestamp": "2025-08-21T02:50:35.514183", "action": "buy", "platform": "pump_fun", "token_address": "3wkx8tBUTvBrVQCFPExBsAGLjQYoLKyYxVL9bob2pump", "symbol": "KH ", "price": 3.0703474934183604e-08, "amount": 3256960.334762153, "tx_hash": "DRY_RUN_BUY_3wkx8tBUTvBrVQCF"}
{"timestamp": "2025-08-21T02:50:56.646593", "action": "sell", "platform": "pump_fun", "token_address": "3wkx8tBUTvBrVQCFPExBsAGLjQYoLKyYxVL9bob2pump", "symbol": "KH ", "price": 3.109774481248217e-08, "amount": 3256960.334762153, "tx_hash": "DRY_RUN_SELL_3wkx8tBUTvBrVQCF"}
{"timestamp": "2025-08-21T02:53:34.311695", "action": "buy", "platform": "pump_fun", "token_address": "7i3FTKJ8ahoFVmcmomgsfgz8sAmHtdHoEj53LEdiFyVx", "symbol": "CAPTAIN", "price": 2.7958993476234855e-08, "amount": 3576666.666666667, "tx_hash": "DRY_RUN_BUY_7i3FTKJ8ahoFVmcm"}
{"timestamp": "2025-08-21T02:53:48.226343", "action": "sell", "platform": "pump_fun", "token_address": "7i3FTKJ8ahoFVmcmomgsfgz8sAmHtdHoEj53LEdiFyVx", "symbol": "CAPTAIN", "price": 2.7992999351563246e-08, "amount": 3576666.666666667, "tx_hash": "DRY_RUN_SELL_7i3FTKJ8ahoFVmcm"}
{"timestamp": "2025-08-21T03:54:11.373559", "action": "buy", "platform": "pump_fun", "token_address": "43SL3pjaNpK2oUSgEPaZKYobvfHLuCEQw7w4Jfmppump", "symbol": "KANYENIA", "price": 3.064252429926328e-08, "amount": 3263438.7109682164, "tx_hash": "DRY_RUN_BUY_43SL3pjaNpK2oUSg"}
{"timestamp": "2025-08-21T03:54:17.187183", "action": "sell", "platform": "pump_fun", "token_address": "43SL3pjaNpK2oUSgEPaZKYobvfHLuCEQw7w4Jfmppump", "symbol": "KANYENIA", "price": 2.8581150953500583e-08, "amount": 3263438.7109682164, "tx_hash": "DRY_RUN_SELL_43SL3pjaNpK2oUSg"}
{"timestamp": "2025-08-21T03:54:19.222866", "action": "buy", "platform": "pump_fun", "token_address": "GbreGXD7UV8nd26umA9Fr5mxGYEu6MKRRkGfos19pump", "symbol": "OnlyOne", "price": 3.2474019807558895e-08, "amount": 3079384.707917289, "tx_hash": "DRY_RUN_BUY_GbreGXD7UV8nd26u"}
{"timestamp": "2025-08-21T03:54:24.880648", "action": "sell", "platform": "pump_fun", "token_address": "GbreGXD7UV8nd26umA9Fr5mxGYEu6MKRRkGfos19pump", "symbol": "OnlyOne", "price": 3.7076893673623926e-08, "amount": 3079384.707917289, "tx_hash": "DRY_RUN_SELL_GbreGXD7UV8nd26u"}
{"timestamp": "2025-08-21T03:54:27.997403", "action": "buy", "platform": "pump_fun", "token_address": "Tj9hYPdS8zHRvyFWkhpXXC6fBpLgYr4g2h3MVBfpump", "symbol": "Prabhu ", "price": 3.376950873502594e-08, "amount": 2961251.25137753, "tx_hash": "DRY_RUN_BUY_Tj9hYPdS8zHRvyFW"}
{"timestamp": "2025-08-21T03:54:33.725768", "action": "sell", "platform": "pump_fun", "token_address": "Tj9hYPdS8zHRvyFWkhpXXC6fBpLgYr4g2h3MVBfpump", "symbol": "Prabhu ", "price": 3.3769510784530935e-08, "amount": 2961251.25137753, "tx_hash": "DRY_RUN_SELL_Tj9hYPdS8zHRvyFW"}
{"timestamp": "2025-08-21T03:54:34.173979", "action": "buy", "platform": "pump_fun", "token_address": "E6pNDjPUbcYvJjWxJhdCq8m2qsZjCJ8mod2gMqTXpump", "symbol": "DrakeCoin", "price": 3.4738234620941436e-08, "amount": 2878672.479795979, "tx_hash": "DRY_RUN_BUY_E6pNDjPUbcYvJjWx"}
{"timestamp": "2025-08-21T03:54:39.777654", "action": "sell", "platform": "pump_fun", "token_address": "E6pNDjPUbcYvJjWxJhdCq8m2qsZjCJ8mod2gMqTXpump", "symbol": "DrakeCoin", "price": 3.282839966310532e-08, "amount": 2878672.479795979, "tx_hash": "DRY_RUN_SELL_E6pNDjPUbcYvJjWx"}
{"timestamp": "2025-08-21T03:54:41.662979", "action": "buy", "platform": "pump_fun", "token_address": "FJvnGZB2Tfyr5nbVYCRm91iHUrYAekcYEXYg69s5U7eC", "symbol": "rough", "price": 2.7894077811937495e-07, "amount": 358499.03579606494, "tx_hash": "DRY_RUN_BUY_FJvnGZB2Tfyr5nbV"}
{"timestamp": "2025-08-21T03:54:47.308979", "action": "sell", "platform": "pump_fun", "token_address": "FJvnGZB2Tfyr5nbVYCRm91iHUrYAekcYEXYg69s5U7eC", "symbol": "rough", "price": 2.7952746231040287e-07, "amount": 358499.03579606494, "tx_hash": "DRY_RUN_SELL_FJvnGZB2Tfyr5nbV"}
{"timestamp": "2025-08-21T03:55:01.374492", "action": "buy", "platform": "pump_fun", "token_address": "EYWUhysqzNdRVKRVoSz5NwQToR5JGaNwtjDTTiAEpump", "symbol": "COLD", "price": 3.05787044798166e-08, "amount": 3270249.7277477784, "tx_hash": "DRY_RUN_BUY_EYWUhysqzNdRVKRV"}
{"timestamp": "2025-08-21T03:55:11.690945", "action": "sell", "platform": "pump_fun", "token_address": "EYWUhysqzNdRVKRVoSz5NwQToR5JGaNwtjDTTiAEpump", "symbol": "COLD", "price": 2.8143845821385406e-08, "amount": 3270249.7277477784, "tx_hash": "DRY_RUN_SELL_EYWUhysqzNdRVKRV"}
{"timestamp": "2025-08-21T03:55:27.577307", "action": "buy", "platform": "pump_fun", "token_address": "6ZjuXmTAAigDiTJoNgPg3tSagbyDzHHDFLNsnRnMpump", "symbol": "RFK", "price": 3.001353205084399e-08, "amount": 3331830.4500315543, "tx_hash": "DRY_RUN_BUY_6ZjuXmTAAigDiTJo"}
{"timestamp": "2025-08-21T03:55:35.343359", "action": "sell", "platform": "pump_fun", "token_address": "6ZjuXmTAAigDiTJoNgPg3tSagbyDzHHDFLNsnRnMpump", "symbol": "RFK", "price": 2.9846250028077205e-08, "amount": 3331830.4500315543, "tx_hash": "DRY_RUN_SELL_6ZjuXmTAAigDiTJo"}
{"timestamp": "2025-08-21T03:56:05.646997", "action": "buy", "platform": "pump_fun", "token_address": "7dDtwpPchAk67dbkPF9ZEHkwp5i6Z1HjxVQ5X1HHpump", "symbol": "IT", "price": 3.305795136974452e-08, "amount": 3024990.8375000684, "tx_hash": "DRY_RUN_BUY_7dDtwpPchAk67dbk"}
{"timestamp": "2025-08-21T03:58:11.889264", "action": "buy", "platform": "pump_fun", "token_address": "388Lv7ewVWrXFPkkNY8f6ybh1Mxekee1DFSSg39cpump", "symbol": "baselana", "price": 3.204344806431318e-08, "amount": 3120762.778066013, "tx_hash": "DRY_RUN_BUY_388Lv7ewVWrXFPkk"}
{"timestamp": "2025-08-21T03:58:19.670471", "action": "sell", "platform": "pump_fun", "token_address": "388Lv7ewVWrXFPkkNY8f6ybh1Mxekee1DFSSg39cpump", "symbol": "baselana", "price": 3.0453311850578526e-08, "amount": 3120762.778066013, "tx_hash": "DRY_RUN_SELL_388Lv7ewVWrXFPkk"}
{"timestamp": "2025-08-21T03:58:21.301603", "action": "buy", "platform": "pump_fun", "token_address": "Cc6VJStJnAEvwuz8a3qsKWjHwU3NFeyHhMRR8b3Hpump", "symbol": "JELY", "price": 3.641607720339763e-08, "amount": 2746039.8724843976, "tx_hash": "DRY_RUN_BUY_Cc6VJStJnAEvwuz8"}
{"timestamp": "2025-08-21T03:58:27.990083", "action": "sell", "platform": "pump_fun", "token_address": "Cc6VJStJnAEvwuz8a3qsKWjHwU3NFeyHhMRR8b3Hpump", "symbol": "JELY", "price": 3.58915447709689e-08, "amount": 2746039.8724843976, "tx_hash": "DRY_RUN_SELL_Cc6VJStJnAEvwuz8"}
{"timestamp": "2025-08-21T03:58:29.036841", "action": "buy", "platform": "pump_fun", "token_address": "4wj2xX935XWxZuJZ9d4JvSyKnwA2D88kZVvVFdbLpump", "symbol": "Lucky", "price": 3.362566014494563e-08, "amount": 2973919.3095077802, "tx_hash": "DRY_RUN_BUY_4wj2xX935XWxZuJZ"}
{"timestamp": "2025-08-21T03:58:35.869171", "action": "sell", "platform": "pump_fun", "token_address": "4wj2xX935XWxZuJZ9d4JvSyKnwA2D88kZVvVFdbLpump", "symbol": "Lucky", "price": 3.957264085091728e-08, "amount": 2973919.3095077802, "tx_hash": "DRY_RUN_SELL_4wj2xX935XWxZuJZ"}
{"timestamp": "2025-08-21T03:58:42.657134", "action": "buy", "platform": "pump_fun", "token_address": "D3Ztxx33A8f1dhNAnZjW1EjuVSrWPdARpGCYem6tdDcg", "symbol": "YS", "price": 4.2528737932183894e-08, "amount": 2351351.224187736, "tx_hash": "DRY_RUN_BUY_D3Ztxx33A8f1dhNA"}
{"timestamp": "2025-08-21T03:58:49.405232", "action": "sell", "platform": "pump_fun", "token_address": "D3Ztxx33A8f1dhNAnZjW1EjuVSrWPdARpGCYem6tdDcg", "symbol": "YS", "price": 2.8930296082314172e-08, "amount": 2351351.224187736, "tx_hash": "DRY_RUN_SELL_D3Ztxx33A8f1dhNA"}
{"timestamp": "2025-08-21T03:58:51.301025", "action": "buy", "platform": "pump_fun", "token_address": "4NR1NxEwAzuiYRBDY3MzpiEUErJGUnd43jdbhrNV1Db7", "symbol": "YZY", "price": 4.2800303462997394e-08, "amount": 2336432.03222739, "tx_hash": "DRY_RUN_BUY_4NR1NxEwAzuiYRBD"}
{"timestamp": "2025-08-21T03:59:01.452586", "action": "sell", "platform": "pump_fun", "token_address": "4NR1NxEwAzuiYRBDY3MzpiEUErJGUnd43jdbhrNV1Db7", "symbol": "YZY", "price": 4.745844908042017e-08, "amount": 2336432.03222739, "tx_hash": "DRY_RUN_SELL_4NR1NxEwAzuiYRBD"}
{"timestamp": "2025-08-21T03:59:12.433452", "action": "buy", "platform": "pump_fun", "token_address": "47VmgzZrPHfuk1NECH8tndJdFB1YTbCZ92Kf6jV6pump", "symbol": "cooked", "price": 3.6012001778356133e-08, "amount": 2776852.023263584, "tx_hash": "DRY_RUN_BUY_47VmgzZrPHfuk1NE"}
{"timestamp": "2025-08-21T03:59:20.771494", "action": "sell", "platform": "pump_fun", "token_address": "47VmgzZrPHfuk1NECH8tndJdFB1YTbCZ92Kf6jV6pump", "symbol": "cooked", "price": 3.9575148330641445e-08, "amount": 2776852.023263584, "tx_hash": "DRY_RUN_SELL_47VmgzZrPHfuk1NE"}
{"timestamp": "2025-08-21T03:59:30.521310", "action": "buy", "platform": "pump_fun", "token_address": "EuBpsxJuYDXAbWHPSr5hyj37BrkWrxKan1BCSewkpump", "symbol": "YZY", "price": 3.47049129401793e-08, "amount": 2881436.4171542386, "tx_hash": "DRY_RUN_BUY_EuBpsxJuYDXAbWHP"}
{"timestamp": "2025-08-21T03:59:37.811135", "action": "sell", "platform": "pump_fun", "token_address": "EuBpsxJuYDXAbWHPSr5hyj37BrkWrxKan1BCSewkpump", "symbol": "YZY", "price": 3.4344907318002566e-08, "amount": 2881436.4171542386, "tx_hash": "DRY_RUN_SELL_EuBpsxJuYDXAbWHP"}
{"timestamp": "2025-08-21T03:59:49.052132", "action": "buy", "platform": "pump_fun", "token_address": "2pByr1e26MMPVTbj9NgiXThrXfwnZK4LEKcP8EZWpump", "symbol": "YeeTardio", "price": 3.177176344623955e-08, "amount": 3147448.839886029, "tx_hash": "DRY_RUN_BUY_2pByr1e26MMPVTbj"}
{"timestamp": "2025-08-21T03:59:55.385530", "action": "sell", "platform": "pump_fun", "token_address": "2pByr1e26MMPVTbj9NgiXThrXfwnZK4LEKcP8EZWpump", "symbol": "YeeTardio", "price": 2.7958993477166823e-08, "amount": 3147448.839886029, "tx_hash": "DRY_RUN_SELL_2pByr1e26MMPVTbj"}
{"timestamp": "2025-08-21T03:59:58.467957", "action": "buy", "platform": "pump_fun", "token_address": "BBG2rQm95ypmuKkCmrpnHV36dfkxXy6ZFP5sGxCSpump", "symbol": "Towel", "price": 3.5828160892380424e-08, "amount": 2791100.5619400074, "tx_hash": "DRY_RUN_BUY_BBG2rQm95ypmuKkC"}
{"timestamp": "2025-08-21T04:00:04.735381", "action": "sell", "platform": "pump_fun", "token_address": "BBG2rQm95ypmuKkCmrpnHV36dfkxXy6ZFP5sGxCSpump", "symbol": "Towel", "price": 3.5828160892380424e-08, "amount": 2791100.5619400074, "tx_hash": "DRY_RUN_SELL_BBG2rQm95ypmuKkC"}
{"timestamp": "2025-08-21T04:00:33.047875", "action": "buy", "platform": "pump_fun", "token_address": "DvnT43exSEszFCoZKs5YVKwRGNQKx3DfHF5xVeMQpump", "symbol": "PCG", "price": 3.2950179171241714e-08, "amount": 3034884.8630018407, "tx_hash": "DRY_RUN_BUY_DvnT43exSEszFCoZ"}
{"timestamp": "2025-08-21T04:00:39.923017", "action": "sell", "platform": "pump_fun", "token_address": "DvnT43exSEszFCoZKs5YVKwRGNQKx3DfHF5xVeMQpump", "symbol": "PCG", "price": 3.276302273307061e-08, "amount": 3034884.8630018407, "tx_hash": "DRY_RUN_SELL_DvnT43exSEszFCoZ"}
{"timestamp": "2025-08-21T04:00:41.108442", "action": "buy", "platform": "pump_fun", "token_address": "ooAkMzSvhi6EPimZ9oPvXohsnWgPLwcLntLJrb6Thjo", "symbol": "NEMO", "price": 2.799591521958407e-08, "amount": 3571949.6653585625, "tx_hash": "DRY_RUN_BUY_ooAkMzSvhi6EPimZ"}
{"timestamp": "2025-08-21T04:00:47.498905", "action": "sell", "platform": "pump_fun", "token_address": "ooAkMzSvhi6EPimZ9oPvXohsnWgPLwcLntLJrb6Thjo", "symbol": "NEMO", "price": 2.799618945333827e-08, "amount": 3571949.6653585625, "tx_hash": "DRY_RUN_SELL_ooAkMzSvhi6EPimZ"}
{"timestamp": "2025-08-21T04:00:49.203881", "action": "buy", "platform": "pump_fun", "token_address": "8q8z9sTHLfRSpspeS4VW9Y9CcEQkwhmaG7dobDMBpump", "symbol": "FARTYZY", "price": 3.0753749203539305e-08, "amount": 3251636.0635629906, "tx_hash": "DRY_RUN_BUY_8q8z9sTHLfRSpspe"}
{"timestamp": "2025-08-21T04:00:55.799684", "action": "sell", "platform": "pump_fun", "token_address": "8q8z9sTHLfRSpspeS4VW9Y9CcEQkwhmaG7dobDMBpump", "symbol": "FARTYZY", "price": 2.945331085698323e-08, "amount": 3251636.0635629906, "tx_hash": "DRY_RUN_SELL_8q8z9sTHLfRSpspe"}
{"timestamp": "2025-08-21T04:01:12.320868", "action": "buy", "platform": "pump_fun", "token_address": "8RuUSjGi7kpqdoLuWuhU9wbFCUkE4HB9M6Fv5vqBpump", "symbol": "COBOTS", "price": 3.5747653325615375e-08, "amount": 2797386.421120513, "tx_hash": "DRY_RUN_BUY_8RuUSjGi7kpqdoLu"}
{"timestamp": "2025-08-21T04:01:18.584073", "action": "sell", "platform": "pump_fun", "token_address": "8RuUSjGi7kpqdoLuWuhU9wbFCUkE4HB9M6Fv5vqBpump", "symbol": "COBOTS", "price": 3.362334904224137e-08, "amount": 2797386.421120513, "tx_hash": "DRY_RUN_SELL_8RuUSjGi7kpqdoLu"}
{"timestamp": "2025-08-21T04:01:27.858538", "action": "buy", "platform": "pump_fun", "token_address": "5Jwb53WahUg2sK9vpCDphgEm7HQWdQ4JkqcnyaDRpump", "symbol": "Spectra ", "price": 3.376950873502594e-08, "amount": 2961251.25137753, "tx_hash": "DRY_RUN_BUY_5Jwb53WahUg2sK9v"}
{"timestamp": "2025-08-21T04:01:34.122000", "action": "sell", "platform": "pump_fun", "token_address": "5Jwb53WahUg2sK9vpCDphgEm7HQWdQ4JkqcnyaDRpump", "symbol": "Spectra ", "price": 4.6892194378919093e-08, "amount": 2961251.25137753, "tx_hash": "DRY_RUN_SELL_5Jwb53WahUg2sK9v"}
{"timestamp": "2025-08-21T04:01:43.346168", "action": "buy", "platform": "pump_fun", "token_address": "BE8GKaPkkN59ph2WbchxZyJoduTYp74YcMHm5Kt4pump", "symbol": "TARGET", "price": 2.8421797336721622e-08, "amount": 3518426.32664183, "tx_hash": "DRY_RUN_BUY_BE8GKaPkkN59ph2W"}
{"timestamp": "2025-08-21T04:01:50.920012", "action": "sell", "platform": "pump_fun", "token_address": "BE8GKaPkkN59ph2WbchxZyJoduTYp74YcMHm5Kt4pump", "symbol": "TARGET", "price": 2.8519526864862112e-08, "amount": 3518426.32664183, "tx_hash": "DRY_RUN_SELL_BE8GKaPkkN59ph2W"}
{"timestamp": "2025-08-21T04:01:56.278699", "action": "buy", "platform": "pump_fun", "token_address": "EVQJ8zjpUhGauQp49MkTke5Gmjz4jSra193pe2Ypump", "symbol": "DEATH", "price": 3.362566014290152e-08, "amount": 2973919.3096885653, "tx_hash": "DRY_RUN_BUY_EVQJ8zjpUhGauQp4"}
{"timestamp": "2025-08-21T04:02:03.040812", "action": "sell", "platform": "pump_fun", "token_address": "EVQJ8zjpUhGauQp49MkTke5Gmjz4jSra193pe2Ypump", "symbol": "DEATH", "price": 4.377405920762638e-08, "amount": 2973919.3096885653, "tx_hash": "DRY_RUN_SELL_EVQJ8zjpUhGauQp4"}
{"timestamp": "2025-08-21T04:02:19.213938", "action": "buy", "platform": "pump_fun", "token_address": "9BYLd7fjtf4SKtNWZfekHukfRYqW54s84b4vptrwpump", "symbol": "Haru", "price": 3.273696848286355e-08, "amount": 3054650.5872205566, "tx_hash": "DRY_RUN_BUY_9BYLd7fjtf4SKtNW"}
{"timestamp": "2025-08-21T04:02:25.375334", "action": "sell", "platform": "pump_fun", "token_address": "9BYLd7fjtf4SKtNWZfekHukfRYqW54s84b4vptrwpump", "symbol": "Haru", "price": 3.2545875034197885e-08, "amount": 3054650.5872205566, "tx_hash": "DRY_RUN_SELL_9BYLd7fjtf4SKtNW"}
